../Core/Src/main.c:195:1:__io_getchar	16	static
../Core/Src/main.c:209:1:__io_putchar	16	static
c:\st\stm32cubeide_1.10.1\stm32cubeide\plugins\com.st.stm32cube.ide.mcu.externaltools.gnu-tools-for-stm32.10.3-2021.10.win32_1.0.0.202111181127\tools\arm-none-eabi\include\stdio.h:240:5:ferror	16	static
../Core/Src/main.c:220:6:printTimeElapsed	32	static
../Core/Src/main.c:230:6:blinkShort	8	static
../Core/Src/main.c:237:6:blinkLong	8	static
../Core/Src/main.c:244:5:blinkChar	40	static
../Core/Src/main.c:393:6:blinkLine	24	static
../Core/Src/main.c:403:6:DIT_decrease	8	static
../Core/Src/main.c:415:6:DIT_increase	8	static
../Core/Src/main.c:432:5:main	16	static
../Core/Src/main.c:518:6:SystemClock_Config	96	static
../Core/Src/main.c:568:13:MX_TIM2_Init	64	static
../Core/Src/main.c:627:13:MX_USART2_UART_Init	8	static
../Core/Src/main.c:662:13:MX_GPIO_Init	48	static
../Core/Src/main.c:693:6:HAL_TIM_PeriodElapsedCallback	16	static
../Core/Src/main.c:701:6:HAL_UART_RxCpltCallback	16	static
../Core/Src/main.c:718:6:Error_Handler	4	static,ignoring_inline_asm
